
=== CANScope crash ===
time: 2026-08-29T02:08:22
version: 1.0.0
python: 3.12.10 (tags/v3.12.10:0cc8128, Apr  8 2025, 12:21:36) [MSC v.1943 64 bit (AMD64)]
recent operations:
- 2026-08-29T02:08:22 R3 smoke
traceback:
Traceback (most recent call last):
  File "E:\Project\canscope\tests\smoke_r3.py", line 17, in main
    raise RuntimeError("R3 smoke exception")
RuntimeError: R3 smoke exception

=== CANScope crash ===
time: 2026-08-29T02:09:23
version: 1.0.0
python: 3.12.10 (tags/v3.12.10:0cc8128, Apr  8 2025, 12:21:36) [MSC v.1943 64 bit (AMD64)]
recent operations:
- 2026-08-29T02:09:23 R3 smoke
traceback:
Traceback (most recent call last):
  File "E:\Project\canscope\tests\smoke_r3.py", line 17, in main
    raise RuntimeError("R3 smoke exception")
RuntimeError: R3 smoke exception
